// Jest Snapshot v1, https://goo.gl/fbAQLP

exports[`renders register component 1`] = `ShallowWrapper {}`;
