// Jest Snapshot v1, https://goo.gl/fbAQLP

exports[`renders Router component 1`] = `ShallowWrapper {}`;
